// Jest Snapshot v1, https://goo.gl/fbAQLP

exports[`AddNote component renders the complete form 1`] = `
<section
  className="AddNote"
>
  <h2>
    Create a note
  </h2>
  <NotefulForm
    onSubmit={[Function]}
  >
    <div
      className="field"
    >
      <label
        htmlFor="note-name-input"
      >
        Name
      </label>
      <input
        id="note-name-input"
        onChange={[Function]}
        type="text"
      />
      <ValidationError
        hasError={true}
        message=""
      />
    </div>
    <div
      className="field"
    >
      <label
        htmlFor="note-content-input"
      >
        Content
      </label>
      <textarea
        id="note-content-input"
        onChange={[Function]}
      />
      <ValidationError
        hasError={true}
        message=""
      />
    </div>
    <div
      className="field"
    >
      <label
        htmlFor="note-folder-select"
      >
        Folder
      </label>
      <select
        id="note-folder-select"
        onChange={[Function]}
      >
        <option
          value={null}
        >
          ...
        </option>
      </select>
      <ValidationError
        hasError={true}
        message=""
      />
    </div>
    <div
      className="buttons"
    >
      <button
        disabled={true}
        type="submit"
      >
        Add note
      </button>
    </div>
  </NotefulForm>
</section>
`;

exports[`AddNote component renders the select options from folders 1`] = `
<select
  id="note-folder-select"
  onChange={[Function]}
>
  <option
    value={null}
  >
    ...
  </option>
</select>
`;
